[E][P0][1011z[epic-456][1011z Epic with Dependencies                                            │  Type      Epic                   
                                                                                    │  ───────────────────────────────  
[38;5;252m[0m[38;5;252m[0m[38;5;252mThis epic has both blockers and downstream[0m[38;5;252m dependencies.[0m[38;5;252m [0m[38;5;252m [0m[38;5;252m [0m[38;5;252m [0m[38;5;252m [0m[38;5;252m [0m[38;5;252m [0m[38;5;252m [0m[38;5;252m [0m[38;5;252m [0m[38;5;252m [0m[38;5;252m [0m[38;5;252m [0m[38;5;252m [0m[38;5;252m [0m[38;5;252m [0m[38;5;252m [0m[38;5;252m [0m[38;5;252m [0m[38;5;252m [0m[38;5;252m [0m[38;5;252m [0m[38;5;252m [0m[38;5;252m [0m[38;5;252m [0m[38;5;252m [0m[38;5;252m [0m │  Priority  P0                     
                                                                                    │  Status    In Progress            
                                                                                    │  ───────────────────────────────  
                                                                                    │  Created   2024-02-01 09:00:00    
                                                                                    │  Updated   2024-02-15 16:30:00    
                                                                                    │  ───────────────────────────────  
                                                                                    │  Labels                           
                                                                                    │   ui                              
                                                                                    │   phase-2                         
                                                                                    │  ───────────────────────────────  
                                                                                    │  Blocked by                       
                                                                                    │   [1012ztask-100[1012z                        
                                                                                    │   [1013ztask-101[1013z                        
                                                                                    │  ───────────────────────────────  
                                                                                    │  Blocks                           
                                                                                    │   [1014ztask-200[1014z                        
                                                                                    │   [1015ztask-201[1015z                        
                                                                                    │   [1016ztask-202[1016z                        
                                                                                    │                                   
                                                                                    │                                   
                                                                                    │                                   
                                                                                    │                                   
                                                                                    │                                   
                                                                                    │                                   
                                                                                    │                                   
                                                                                    │                                   
                                                                                    │                                   
[j/k] Scroll  [ctrl+e] Edit  [ctrl+d] Delete  [Esc] Back                            │                                   