[T][P2][1017z[task-500][1017z Integration task                                                  │  Type      Task                   
                                                                                    │  ───────────────────────────────  
[38;5;252m[0m[38;5;252m[0m[38;5;252mThis task shows fully loaded dependency[0m[38;5;252m rendering.[0m[38;5;252m [0m[38;5;252m [0m[38;5;252m [0m[38;5;252m [0m[38;5;252m [0m[38;5;252m [0m[38;5;252m [0m[38;5;252m [0m[38;5;252m [0m[38;5;252m [0m[38;5;252m [0m[38;5;252m [0m[38;5;252m [0m[38;5;252m [0m[38;5;252m [0m[38;5;252m [0m[38;5;252m [0m[38;5;252m [0m[38;5;252m [0m[38;5;252m [0m[38;5;252m [0m[38;5;252m [0m[38;5;252m [0m[38;5;252m [0m[38;5;252m [0m[38;5;252m [0m[38;5;252m [0m[38;5;252m [0m[38;5;252m [0m[38;5;252m [0m[38;5;252m [0m[38;5;252m [0m[38;5;252m [0m │  Priority  P2                     
                                                                                    │  Status    Open                   
                                                                                    │  ───────────────────────────────  
                                                                                    │  Created   2024-03-01 10:00:00    
                                                                                    │  ───────────────────────────────  
                                                                                    │  Blocked by                       
                                                                                    │   [B][P0][1018z[bug-101][1018z ○              
                                                                                    │  ───────────────────────────────  
                                                                                    │  Blocks                           
                                                                                    │   [T][P3][1015z[task-201][1015z ○             
                                                                                    │   [F][P1][1019z[feature-301][1019z ●          
                                                                                    │  ───────────────────────────────  
                                                                                    │  Children                         
                                                                                    │   [F][P1][1019z[feature-301][1019z ●          
                                                                                    │   [T][P3][1015z[task-201][1015z ○             
                                                                                    │                                   
                                                                                    │                                   
                                                                                    │                                   
                                                                                    │                                   
                                                                                    │                                   
                                                                                    │                                   
                                                                                    │                                   
                                                                                    │                                   
                                                                                    │                                   
                                                                                    │                                   
                                                                                    │                                   
                                                                                    │                                   
[j/k] Scroll  [ctrl+e] Edit  [ctrl+d] Delete  [Esc] Back                            │                                   